// Jest Snapshot v1, https://goo.gl/fbAQLP

exports[`App renders the App 1`] = `
<div>
  <app-header-stub></app-header-stub>
  <router-view-stub name="default"></router-view-stub>
</div>
`;
